{"accepted":true,"scope":"candidate-pinned-identities-strict-reopen","release_qualified":false,"negative_controls":["tamper-artifact.wasm","tamper-component.wasm","tamper-lib.wit","tamper-SKILL.md","tamper-references-agent-delta.json","self-rehashed-artifact","path-escape","unexpected-file","unexpected-reference","missing-file","directory-as-artifact","linked-references"],"negative_count":12}
   Compiling wasmc-bounded-memory-reference v0.0.1 (/tmp/wasmc-telemetry-host.QOokD1/public/host/drivers/memory/rust)
   Compiling wasmc-core-runtime v0.1.0 (/tmp/wasmc-telemetry-host.QOokD1/public/sdk/wasmc-core-runtime)
   Compiling wasmc-preopened-file-reference v0.0.1 (/tmp/wasmc-telemetry-host.QOokD1/public/host/drivers/file/rust)
   Compiling wasmc-host v0.1.0 (/tmp/wasmc-telemetry-host.QOokD1/public/sdk/wasmc-host)
   Compiling wasmc-telemetry-host-consumer v0.0.1 (/tmp/wasmc-telemetry-host.QOokD1/public/examples/system-telemetry/host-consumer)
    Finished `release` profile [optimized] target(s) in 6.19s
     Running unittests ../host_consumer.rs (/tmp/wasmc-telemetry-publish-8iUI9m/host-target/release/deps/telemetry_host_consumer-93631abdc709728c)

running 10 tests
test integration_tests::sdk_to_component_preserves_errors_and_transactional_state ... ok
test resource_snapshot::tests::empty_input_is_a_complete_snapshot ... ok
test resource_snapshot::tests::exact_capacity_requires_eof ... ok
test resource_snapshot::tests::explicit_grants_deny_unknown_selector ... ok
test resource_snapshot::tests::malicious_read_length_rejects ... ok
test resource_snapshot::tests::oversized_snapshot_rejects_and_releases ... ok
test resource_snapshot::tests::partial_read_failure_is_not_success ... ok
test resource_snapshot::tests::repeated_reads_restart_at_zero ... ok
test resource_snapshot::tests::short_reads_preserve_complete_snapshot ... ok
test resource_snapshot::tests::unsupported_write_does_not_change_input ... ok

test result: ok. 10 passed; 0 failed; 0 ignored; 0 measured; 0 filtered out; finished in 0.12s

   Compiling wasmc-bounded-memory-reference v0.0.1 (/tmp/wasmc-telemetry-host.QOokD1/public/host/drivers/memory/rust)
   Compiling wasmc-core-runtime v0.1.0 (/tmp/wasmc-telemetry-host.QOokD1/public/sdk/wasmc-core-runtime)
   Compiling wasmc-preopened-file-reference v0.0.1 (/tmp/wasmc-telemetry-host.QOokD1/public/host/drivers/file/rust)
   Compiling wasmc-host v0.1.0 (/tmp/wasmc-telemetry-host.QOokD1/public/sdk/wasmc-host)
   Compiling wasmc-telemetry-host-consumer v0.0.1 (/tmp/wasmc-telemetry-host.QOokD1/public/examples/system-telemetry/host-consumer)
    Finished `release` profile [optimized] target(s) in 5.53s
{"accepted":true,"profile":"linux-sdk-to-source-free-component","engine":"wasmtime-47.0.4","frames":128,"snapshots":47,"generic_read_calls":94,"refresh_counts":[15, 15, 15, 2],"fd_open":9,"fd_closed":5,"released_grants":4,"sampling_uses_shell":false,"component_host_bindings":0,"release_qualified":false}
